{
  "name": "TEST_LOGON",
  "digest": "393031751dda562d2c629c078d1013d4e7299e6205611d964d6c32fe737972ff",
  "rows": 24,
  "cols": 80,
  "field_count": 0,
  "cursor": [
    23,
    11
  ]
}